------------------------------------------------------------
Timing Analyzer Summary
------------------------------------------------------------

Type  : Slow 1200mV 85C Model Setup 'freq38K:U4|thirtyEightKHz'
Slack : -5.108
TNS   : -360.550

Type  : Slow 1200mV 85C Model Setup 'clock'
Slack : -4.775
TNS   : -242.724

Type  : Slow 1200mV 85C Model Setup 'adc_Controller:U6|freqADC:U1|adc_clock'
Slack : -3.811
TNS   : -231.705

Type  : Slow 1200mV 85C Model Hold 'adc_Controller:U6|freqADC:U1|adc_clock'
Slack : 0.433
TNS   : 0.000

Type  : Slow 1200mV 85C Model Hold 'freq38K:U4|thirtyEightKHz'
Slack : 0.454
TNS   : 0.000

Type  : Slow 1200mV 85C Model Hold 'clock'
Slack : 0.740
TNS   : 0.000

Type  : Slow 1200mV 85C Model Recovery 'swSend'
Slack : -2.067
TNS   : -2.067

Type  : Slow 1200mV 85C Model Removal 'swSend'
Slack : 2.512
TNS   : 0.000

Type  : Slow 1200mV 85C Model Minimum Pulse Width 'clock'
Slack : -3.000
TNS   : -102.629

Type  : Slow 1200mV 85C Model Minimum Pulse Width 'adc_Controller:U6|freqADC:U1|adc_clock'
Slack : -1.487
TNS   : -120.447

Type  : Slow 1200mV 85C Model Minimum Pulse Width 'freq38K:U4|thirtyEightKHz'
Slack : -1.487
TNS   : -111.525

Type  : Slow 1200mV 85C Model Minimum Pulse Width 'adc_Controller:U6|adcFSM:U3|readData'
Slack : -1.487
TNS   : -11.896

Type  : Slow 1200mV 85C Model Minimum Pulse Width 'swSend'
Slack : -1.487
TNS   : -1.487

Type  : Slow 1200mV 0C Model Setup 'freq38K:U4|thirtyEightKHz'
Slack : -4.728
TNS   : -331.322

Type  : Slow 1200mV 0C Model Setup 'clock'
Slack : -4.469
TNS   : -224.029

Type  : Slow 1200mV 0C Model Setup 'adc_Controller:U6|freqADC:U1|adc_clock'
Slack : -3.524
TNS   : -212.300

Type  : Slow 1200mV 0C Model Hold 'adc_Controller:U6|freqADC:U1|adc_clock'
Slack : 0.383
TNS   : 0.000

Type  : Slow 1200mV 0C Model Hold 'freq38K:U4|thirtyEightKHz'
Slack : 0.402
TNS   : 0.000

Type  : Slow 1200mV 0C Model Hold 'clock'
Slack : 0.692
TNS   : 0.000

Type  : Slow 1200mV 0C Model Recovery 'swSend'
Slack : -1.732
TNS   : -1.732

Type  : Slow 1200mV 0C Model Removal 'swSend'
Slack : 2.271
TNS   : 0.000

Type  : Slow 1200mV 0C Model Minimum Pulse Width 'clock'
Slack : -3.000
TNS   : -102.629

Type  : Slow 1200mV 0C Model Minimum Pulse Width 'adc_Controller:U6|freqADC:U1|adc_clock'
Slack : -1.487
TNS   : -120.447

Type  : Slow 1200mV 0C Model Minimum Pulse Width 'freq38K:U4|thirtyEightKHz'
Slack : -1.487
TNS   : -111.525

Type  : Slow 1200mV 0C Model Minimum Pulse Width 'adc_Controller:U6|adcFSM:U3|readData'
Slack : -1.487
TNS   : -11.896

Type  : Slow 1200mV 0C Model Minimum Pulse Width 'swSend'
Slack : -1.487
TNS   : -1.487

Type  : Fast 1200mV 0C Model Setup 'freq38K:U4|thirtyEightKHz'
Slack : -1.611
TNS   : -110.371

Type  : Fast 1200mV 0C Model Setup 'clock'
Slack : -1.483
TNS   : -59.099

Type  : Fast 1200mV 0C Model Setup 'adc_Controller:U6|freqADC:U1|adc_clock'
Slack : -1.049
TNS   : -53.220

Type  : Fast 1200mV 0C Model Hold 'adc_Controller:U6|freqADC:U1|adc_clock'
Slack : 0.179
TNS   : 0.000

Type  : Fast 1200mV 0C Model Hold 'freq38K:U4|thirtyEightKHz'
Slack : 0.187
TNS   : 0.000

Type  : Fast 1200mV 0C Model Hold 'clock'
Slack : 0.296
TNS   : 0.000

Type  : Fast 1200mV 0C Model Recovery 'swSend'
Slack : -0.442
TNS   : -0.442

Type  : Fast 1200mV 0C Model Removal 'swSend'
Slack : 1.152
TNS   : 0.000

Type  : Fast 1200mV 0C Model Minimum Pulse Width 'clock'
Slack : -3.000
TNS   : -74.351

Type  : Fast 1200mV 0C Model Minimum Pulse Width 'adc_Controller:U6|freqADC:U1|adc_clock'
Slack : -1.000
TNS   : -81.000

Type  : Fast 1200mV 0C Model Minimum Pulse Width 'freq38K:U4|thirtyEightKHz'
Slack : -1.000
TNS   : -75.000

Type  : Fast 1200mV 0C Model Minimum Pulse Width 'adc_Controller:U6|adcFSM:U3|readData'
Slack : -1.000
TNS   : -8.000

Type  : Fast 1200mV 0C Model Minimum Pulse Width 'swSend'
Slack : -1.000
TNS   : -1.000

------------------------------------------------------------
