Analysis & Synthesis report for onesensor
Wed Jan 27 14:36:27 2021
Quartus Prime Version 20.1.0 Build 711 06/05/2020 SJ Lite Edition


---------------------
; Table of Contents ;
---------------------
  1. Legal Notice
  2. Analysis & Synthesis Summary
  3. Analysis & Synthesis Settings
  4. Parallel Compilation
  5. Analysis & Synthesis Source Files Read
  6. Analysis & Synthesis Resource Usage Summary
  7. Analysis & Synthesis Resource Utilization by Entity
  8. State Machine - |onesensor|adc_Controller:U16|adcFSM:U3|n_state
  9. State Machine - |onesensor|adc_Controller:U16|adcFSM:U3|p_state
 10. Registers Removed During Synthesis
 11. General Register Statistics
 12. Inverted Register Statistics
 13. Multiplexer Restructuring Statistics (Restructuring Performed)
 14. Parameter Settings for User Entity Instance: adc_Controller:U16|adcFSM:U3
 15. Parameter Settings for User Entity Instance: UART_rs232_tx:U17
 16. Port Connectivity Checks: "UART_BaudRate_generator:U18"
 17. Port Connectivity Checks: "UART_rs232_tx:U17"
 18. Port Connectivity Checks: "adc_Controller:U16|freqADC:U1"
 19. Port Connectivity Checks: "adc_Controller:U16"
 20. Post-Synthesis Netlist Statistics for Top Partition
 21. Elapsed Time Per Partition
 22. Analysis & Synthesis Messages
 23. Analysis & Synthesis Suppressed Messages



----------------
; Legal Notice ;
----------------
Copyright (C) 2020  Intel Corporation. All rights reserved.
Your use of Intel Corporation's design tools, logic functions 
and other software and tools, and any partner logic 
functions, and any output files from any of the foregoing 
(including device programming or simulation files), and any 
associated documentation or information are expressly subject 
to the terms and conditions of the Intel Program License 
Subscription Agreement, the Intel Quartus Prime License Agreement,
the Intel FPGA IP License Agreement, or other applicable license
agreement, including, without limitation, that your use is for
the sole purpose of programming logic devices manufactured by
Intel and sold by Intel or its authorized distributors.  Please
refer to the applicable agreement for further details, at
https://fpgasoftware.intel.com/eula.



+----------------------------------------------------------------------------------+
; Analysis & Synthesis Summary                                                     ;
+------------------------------------+---------------------------------------------+
; Analysis & Synthesis Status        ; Successful - Wed Jan 27 14:36:27 2021       ;
; Quartus Prime Version              ; 20.1.0 Build 711 06/05/2020 SJ Lite Edition ;
; Revision Name                      ; onesensor                                   ;
; Top-level Entity Name              ; onesensor                                   ;
; Family                             ; Cyclone IV E                                ;
; Total logic elements               ; 226                                         ;
;     Total combinational functions  ; 207                                         ;
;     Dedicated logic registers      ; 162                                         ;
; Total registers                    ; 162                                         ;
; Total pins                         ; 19                                          ;
; Total virtual pins                 ; 0                                           ;
; Total memory bits                  ; 0                                           ;
; Embedded Multiplier 9-bit elements ; 0                                           ;
; Total PLLs                         ; 0                                           ;
+------------------------------------+---------------------------------------------+


+------------------------------------------------------------------------------------------------------------+
; Analysis & Synthesis Settings                                                                              ;
+------------------------------------------------------------------+--------------------+--------------------+
; Option                                                           ; Setting            ; Default Value      ;
+------------------------------------------------------------------+--------------------+--------------------+
; Device                                                           ; EP4CE6E22C8        ;                    ;
; Top-level entity name                                            ; onesensor          ; onesensor          ;
; Family name                                                      ; Cyclone IV E       ; Cyclone V          ;
; Use smart compilation                                            ; Off                ; Off                ;
; Enable parallel Assembler and Timing Analyzer during compilation ; On                 ; On                 ;
; Enable compact report table                                      ; Off                ; Off                ;
; Restructure Multiplexers                                         ; Auto               ; Auto               ;
; Create Debugging Nodes for IP Cores                              ; Off                ; Off                ;
; Preserve fewer node names                                        ; On                 ; On                 ;
; Intel FPGA IP Evaluation Mode                                    ; Enable             ; Enable             ;
; Verilog Version                                                  ; Verilog_2001       ; Verilog_2001       ;
; VHDL Version                                                     ; VHDL_1993          ; VHDL_1993          ;
; State Machine Processing                                         ; Auto               ; Auto               ;
; Safe State Machine                                               ; Off                ; Off                ;
; Extract Verilog State Machines                                   ; On                 ; On                 ;
; Extract VHDL State Machines                                      ; On                 ; On                 ;
; Ignore Verilog initial constructs                                ; Off                ; Off                ;
; Iteration limit for constant Verilog loops                       ; 5000               ; 5000               ;
; Iteration limit for non-constant Verilog loops                   ; 250                ; 250                ;
; Add Pass-Through Logic to Inferred RAMs                          ; On                 ; On                 ;
; Infer RAMs from Raw Logic                                        ; On                 ; On                 ;
; Parallel Synthesis                                               ; On                 ; On                 ;
; DSP Block Balancing                                              ; Auto               ; Auto               ;
; NOT Gate Push-Back                                               ; On                 ; On                 ;
; Power-Up Don't Care                                              ; On                 ; On                 ;
; Remove Redundant Logic Cells                                     ; Off                ; Off                ;
; Remove Duplicate Registers                                       ; On                 ; On                 ;
; Ignore CARRY Buffers                                             ; Off                ; Off                ;
; Ignore CASCADE Buffers                                           ; Off                ; Off                ;
; Ignore GLOBAL Buffers                                            ; Off                ; Off                ;
; Ignore ROW GLOBAL Buffers                                        ; Off                ; Off                ;
; Ignore LCELL Buffers                                             ; Off                ; Off                ;
; Ignore SOFT Buffers                                              ; On                 ; On                 ;
; Limit AHDL Integers to 32 Bits                                   ; Off                ; Off                ;
; Optimization Technique                                           ; Balanced           ; Balanced           ;
; Carry Chain Length                                               ; 70                 ; 70                 ;
; Auto Carry Chains                                                ; On                 ; On                 ;
; Auto Open-Drain Pins                                             ; On                 ; On                 ;
; Perform WYSIWYG Primitive Resynthesis                            ; Off                ; Off                ;
; Auto ROM Replacement                                             ; On                 ; On                 ;
; Auto RAM Replacement                                             ; On                 ; On                 ;
; Auto DSP Block Replacement                                       ; On                 ; On                 ;
; Auto Shift Register Replacement                                  ; Auto               ; Auto               ;
; Allow Shift Register Merging across Hierarchies                  ; Auto               ; Auto               ;
; Auto Clock Enable Replacement                                    ; On                 ; On                 ;
; Strict RAM Replacement                                           ; Off                ; Off                ;
; Allow Synchronous Control Signals                                ; On                 ; On                 ;
; Force Use of Synchronous Clear Signals                           ; Off                ; Off                ;
; Auto RAM Block Balancing                                         ; On                 ; On                 ;
; Auto RAM to Logic Cell Conversion                                ; Off                ; Off                ;
; Auto Resource Sharing                                            ; Off                ; Off                ;
; Allow Any RAM Size For Recognition                               ; Off                ; Off                ;
; Allow Any ROM Size For Recognition                               ; Off                ; Off                ;
; Allow Any Shift Register Size For Recognition                    ; Off                ; Off                ;
; Use LogicLock Constraints during Resource Balancing              ; On                 ; On                 ;
; Ignore translate_off and synthesis_off directives                ; Off                ; Off                ;
; Timing-Driven Synthesis                                          ; On                 ; On                 ;
; Report Parameter Settings                                        ; On                 ; On                 ;
; Report Source Assignments                                        ; On                 ; On                 ;
; Report Connectivity Checks                                       ; On                 ; On                 ;
; Ignore Maximum Fan-Out Assignments                               ; Off                ; Off                ;
; Synchronization Register Chain Length                            ; 2                  ; 2                  ;
; Power Optimization During Synthesis                              ; Normal compilation ; Normal compilation ;
; HDL message level                                                ; Level2             ; Level2             ;
; Suppress Register Optimization Related Messages                  ; Off                ; Off                ;
; Number of Removed Registers Reported in Synthesis Report         ; 5000               ; 5000               ;
; Number of Swept Nodes Reported in Synthesis Report               ; 5000               ; 5000               ;
; Number of Inverted Registers Reported in Synthesis Report        ; 100                ; 100                ;
; Clock MUX Protection                                             ; On                 ; On                 ;
; Auto Gated Clock Conversion                                      ; Off                ; Off                ;
; Block Design Naming                                              ; Auto               ; Auto               ;
; SDC constraint protection                                        ; Off                ; Off                ;
; Synthesis Effort                                                 ; Auto               ; Auto               ;
; Shift Register Replacement - Allow Asynchronous Clear Signal     ; On                 ; On                 ;
; Pre-Mapping Resynthesis Optimization                             ; Off                ; Off                ;
; Analysis & Synthesis Message Level                               ; Medium             ; Medium             ;
; Disable Register Merging Across Hierarchies                      ; Auto               ; Auto               ;
; Resource Aware Inference For Block RAM                           ; On                 ; On                 ;
+------------------------------------------------------------------+--------------------+--------------------+


+------------------------------------------+
; Parallel Compilation                     ;
+----------------------------+-------------+
; Processors                 ; Number      ;
+----------------------------+-------------+
; Number detected on machine ; 8           ;
; Maximum allowed            ; 4           ;
;                            ;             ;
; Average used               ; 1.00        ;
; Maximum used               ; 4           ;
;                            ;             ;
; Usage by Processor         ; % Time Used ;
;     Processor 1            ; 100.0%      ;
;     Processors 2-4         ;   0.0%      ;
+----------------------------+-------------+


+---------------------------------------------------------------------------------------------------------------------------------------------+
; Analysis & Synthesis Source Files Read                                                                                                      ;
+----------------------------------+-----------------+------------------------+-----------------------------------------------------+---------+
; File Name with User-Entered Path ; Used in Netlist ; File Type              ; File Name with Absolute Path                        ; Library ;
+----------------------------------+-----------------+------------------------+-----------------------------------------------------+---------+
; adcFSM.v                         ; yes             ; User Verilog HDL File  ; C:/Intel/design/onesensor/adcFSM.v                  ;         ;
; adc_Controller.v                 ; yes             ; User Verilog HDL File  ; C:/Intel/design/onesensor/adc_Controller.v          ;         ;
; freqADC.v                        ; yes             ; User Verilog HDL File  ; C:/Intel/design/onesensor/freqADC.v                 ;         ;
; genStart.v                       ; yes             ; User Verilog HDL File  ; C:/Intel/design/onesensor/genStart.v                ;         ;
; UART_BaudRate_generator.v        ; yes             ; User Verilog HDL File  ; C:/Intel/design/onesensor/UART_BaudRate_generator.v ;         ;
; UART_rs232_tx.v                  ; yes             ; User Verilog HDL File  ; C:/Intel/design/onesensor/UART_rs232_tx.v           ;         ;
; onesensor.v                      ; yes             ; User Verilog HDL File  ; C:/Intel/design/onesensor/onesensor.v               ;         ;
+----------------------------------+-----------------+------------------------+-----------------------------------------------------+---------+


+-----------------------------------------------------------+
; Analysis & Synthesis Resource Usage Summary               ;
+---------------------------------------------+-------------+
; Resource                                    ; Usage       ;
+---------------------------------------------+-------------+
; Estimated Total logic elements              ; 226         ;
;                                             ;             ;
; Total combinational functions               ; 207         ;
; Logic element usage by number of LUT inputs ;             ;
;     -- 4 input functions                    ; 56          ;
;     -- 3 input functions                    ; 18          ;
;     -- <=2 input functions                  ; 133         ;
;                                             ;             ;
; Logic elements by mode                      ;             ;
;     -- normal mode                          ; 95          ;
;     -- arithmetic mode                      ; 112         ;
;                                             ;             ;
; Total registers                             ; 162         ;
;     -- Dedicated logic registers            ; 162         ;
;     -- I/O registers                        ; 0           ;
;                                             ;             ;
; I/O pins                                    ; 19          ;
;                                             ;             ;
; Embedded Multiplier 9-bit elements          ; 0           ;
;                                             ;             ;
; Maximum fan-out node                        ; reset~input ;
; Maximum fan-out                             ; 102         ;
; Total fan-out                               ; 1133        ;
; Average fan-out                             ; 2.78        ;
+---------------------------------------------+-------------+


+--------------------------------------------------------------------------------------------------------------------------------------------------------------------------------------------------------------------------------------------------+
; Analysis & Synthesis Resource Utilization by Entity                                                                                                                                                                                              ;
+----------------------------------+---------------------+---------------------------+-------------+--------------+---------+-----------+------+--------------+-------------------------------------------+-------------------------+--------------+
; Compilation Hierarchy Node       ; Combinational ALUTs ; Dedicated Logic Registers ; Memory Bits ; DSP Elements ; DSP 9x9 ; DSP 18x18 ; Pins ; Virtual Pins ; Full Hierarchy Name                       ; Entity Name             ; Library Name ;
+----------------------------------+---------------------+---------------------------+-------------+--------------+---------+-----------+------+--------------+-------------------------------------------+-------------------------+--------------+
; |onesensor                       ; 207 (1)             ; 162 (0)                   ; 0           ; 0            ; 0       ; 0         ; 19   ; 0            ; |onesensor                                ; onesensor               ; work         ;
;    |UART_BaudRate_generator:U18| ; 21 (21)             ; 16 (16)                   ; 0           ; 0            ; 0       ; 0         ; 0    ; 0            ; |onesensor|UART_BaudRate_generator:U18    ; UART_BaudRate_generator ; work         ;
;    |UART_rs232_tx:U17|           ; 37 (37)             ; 24 (24)                   ; 0           ; 0            ; 0       ; 0         ; 0    ; 0            ; |onesensor|UART_rs232_tx:U17              ; UART_rs232_tx           ; work         ;
;    |adc_Controller:U16|          ; 148 (0)             ; 122 (0)                   ; 0           ; 0            ; 0       ; 0         ; 0    ; 0            ; |onesensor|adc_Controller:U16             ; adc_Controller          ; work         ;
;       |adcFSM:U3|                ; 64 (64)             ; 56 (56)                   ; 0           ; 0            ; 0       ; 0         ; 0    ; 0            ; |onesensor|adc_Controller:U16|adcFSM:U3   ; adcFSM                  ; work         ;
;       |freqADC:U1|               ; 43 (43)             ; 33 (33)                   ; 0           ; 0            ; 0       ; 0         ; 0    ; 0            ; |onesensor|adc_Controller:U16|freqADC:U1  ; freqADC                 ; work         ;
;       |genStart:U2|              ; 41 (41)             ; 33 (33)                   ; 0           ; 0            ; 0       ; 0         ; 0    ; 0            ; |onesensor|adc_Controller:U16|genStart:U2 ; genStart                ; work         ;
+----------------------------------+---------------------+---------------------------+-------------+--------------+---------+-----------+------+--------------+-------------------------------------------+-------------------------+--------------+
Note: For table entries with two numbers listed, the numbers in parentheses indicate the number of resources of the given type used by the specific entity alone. The numbers listed outside of parentheses indicate the total resources of the given type used by the specific entity and all of its sub-entities in the hierarchy.


Encoding Type:  One-Hot
+------------------------------------------------------------------------------------------------------------------------------+
; State Machine - |onesensor|adc_Controller:U16|adcFSM:U3|n_state                                                              ;
+--------------------+-----------------+--------------+--------------------+-----------------+------------------+--------------+
; Name               ; n_state.reading ; n_state.done ; n_state.converting ; n_state.waiting ; n_state.starting ; n_state.idle ;
+--------------------+-----------------+--------------+--------------------+-----------------+------------------+--------------+
; n_state.idle       ; 0               ; 0            ; 0                  ; 0               ; 0                ; 0            ;
; n_state.starting   ; 0               ; 0            ; 0                  ; 0               ; 1                ; 1            ;
; n_state.waiting    ; 0               ; 0            ; 0                  ; 1               ; 0                ; 1            ;
; n_state.converting ; 0               ; 0            ; 1                  ; 0               ; 0                ; 1            ;
; n_state.done       ; 0               ; 1            ; 0                  ; 0               ; 0                ; 1            ;
; n_state.reading    ; 1               ; 0            ; 0                  ; 0               ; 0                ; 1            ;
+--------------------+-----------------+--------------+--------------------+-----------------+------------------+--------------+


Encoding Type:  One-Hot
+------------------------------------------------------------------------------------------------------------------------------+
; State Machine - |onesensor|adc_Controller:U16|adcFSM:U3|p_state                                                              ;
+--------------------+-----------------+--------------+--------------------+-----------------+------------------+--------------+
; Name               ; p_state.reading ; p_state.done ; p_state.converting ; p_state.waiting ; p_state.starting ; p_state.idle ;
+--------------------+-----------------+--------------+--------------------+-----------------+------------------+--------------+
; p_state.idle       ; 0               ; 0            ; 0                  ; 0               ; 0                ; 0            ;
; p_state.starting   ; 0               ; 0            ; 0                  ; 0               ; 1                ; 1            ;
; p_state.waiting    ; 0               ; 0            ; 0                  ; 1               ; 0                ; 1            ;
; p_state.converting ; 0               ; 0            ; 1                  ; 0               ; 0                ; 1            ;
; p_state.done       ; 0               ; 1            ; 0                  ; 0               ; 0                ; 1            ;
; p_state.reading    ; 1               ; 0            ; 0                  ; 0               ; 0                ; 1            ;
+--------------------+-----------------+--------------+--------------------+-----------------+------------------+--------------+


+-------------------------------------------------------------+
; Registers Removed During Synthesis                          ;
+----------------------------------------+--------------------+
; Register name                          ; Reason for Removal ;
+----------------------------------------+--------------------+
; adc_Controller:U16|adcFSM:U3|n_state~2 ; Lost fanout        ;
; adc_Controller:U16|adcFSM:U3|n_state~3 ; Lost fanout        ;
; adc_Controller:U16|adcFSM:U3|n_state~4 ; Lost fanout        ;
; adc_Controller:U16|adcFSM:U3|p_state~4 ; Lost fanout        ;
; adc_Controller:U16|adcFSM:U3|p_state~5 ; Lost fanout        ;
; adc_Controller:U16|adcFSM:U3|p_state~6 ; Lost fanout        ;
; Total Number of Removed Registers = 6  ;                    ;
+----------------------------------------+--------------------+


+------------------------------------------------------+
; General Register Statistics                          ;
+----------------------------------------------+-------+
; Statistic                                    ; Value ;
+----------------------------------------------+-------+
; Total registers                              ; 162   ;
; Number of registers using Synchronous Clear  ; 98    ;
; Number of registers using Synchronous Load   ; 17    ;
; Number of registers using Asynchronous Clear ; 101   ;
; Number of registers using Asynchronous Load  ; 0     ;
; Number of registers using Clock Enable       ; 18    ;
; Number of registers using Preset             ; 0     ;
+----------------------------------------------+-------+


+------------------------------------------------------+
; Inverted Register Statistics                         ;
+--------------------------------------------+---------+
; Inverted Register                          ; Fan out ;
+--------------------------------------------+---------+
; UART_BaudRate_generator:U18|baudRateReg[0] ; 2       ;
; UART_rs232_tx:U17|start_bit                ; 5       ;
; Total number of inverted registers = 2     ;         ;
+--------------------------------------------+---------+


+-----------------------------------------------------------------------------------------------------------------------------------------------------------------+
; Multiplexer Restructuring Statistics (Restructuring Performed)                                                                                                  ;
+--------------------+-----------+---------------+----------------------+------------------------+------------+---------------------------------------------------+
; Multiplexer Inputs ; Bus Width ; Baseline Area ; Area if Restructured ; Saving if Restructured ; Registered ; Example Multiplexer Output                        ;
+--------------------+-----------+---------------+----------------------+------------------------+------------+---------------------------------------------------+
; 3:1                ; 7 bits    ; 14 LEs        ; 7 LEs                ; 7 LEs                  ; Yes        ; |onesensor|UART_rs232_tx:U17|in_data[1]           ;
; 3:1                ; 5 bits    ; 10 LEs        ; 5 LEs                ; 5 LEs                  ; Yes        ; |onesensor|UART_rs232_tx:U17|Bit[4]               ;
; 4:1                ; 4 bits    ; 8 LEs         ; 4 LEs                ; 4 LEs                  ; Yes        ; |onesensor|UART_rs232_tx:U17|counter[2]           ;
; 9:1                ; 4 bits    ; 24 LEs        ; 16 LEs               ; 8 LEs                  ; No         ; |onesensor|adc_Controller:U16|adcFSM:U3|Selector1 ;
; 11:1               ; 2 bits    ; 14 LEs        ; 6 LEs                ; 8 LEs                  ; No         ; |onesensor|adc_Controller:U16|adcFSM:U3|Selector2 ;
+--------------------+-----------+---------------+----------------------+------------------------+------------+---------------------------------------------------+


+---------------------------------------------------------------------------+
; Parameter Settings for User Entity Instance: adc_Controller:U16|adcFSM:U3 ;
+----------------+-------+--------------------------------------------------+
; Parameter Name ; Value ; Type                                             ;
+----------------+-------+--------------------------------------------------+
; idle           ; 000   ; Unsigned Binary                                  ;
; starting       ; 001   ; Unsigned Binary                                  ;
; waiting        ; 010   ; Unsigned Binary                                  ;
; converting     ; 011   ; Unsigned Binary                                  ;
; done           ; 100   ; Unsigned Binary                                  ;
; reading        ; 101   ; Unsigned Binary                                  ;
+----------------+-------+--------------------------------------------------+
Note: In order to hide this table in the UI and the text report file, please set the "Show Parameter Settings in Synthesis Report" option in "Analysis and Synthesis Settings -> More Settings" to "Off".


+----------------------------------------------------------------+
; Parameter Settings for User Entity Instance: UART_rs232_tx:U17 ;
+----------------+-------+---------------------------------------+
; Parameter Name ; Value ; Type                                  ;
+----------------+-------+---------------------------------------+
; IDLE           ; 0     ; Unsigned Binary                       ;
; WRITE          ; 1     ; Unsigned Binary                       ;
+----------------+-------+---------------------------------------+
Note: In order to hide this table in the UI and the text report file, please set the "Show Parameter Settings in Synthesis Report" option in "Analysis and Synthesis Settings -> More Settings" to "Off".


+----------------------------------------------------------------------------------------------------------------------------------------------------------------------------------+
; Port Connectivity Checks: "UART_BaudRate_generator:U18"                                                                                                                          ;
+----------+-------+----------+----------------------------------------------------------------------------------------------------------------------------------------------------+
; Port     ; Type  ; Severity ; Details                                                                                                                                            ;
+----------+-------+----------+----------------------------------------------------------------------------------------------------------------------------------------------------+
; BaudRate ; Input ; Warning  ; Input port expression (1 bits) is smaller than the input port (16 bits) it drives.  Extra input bit(s) "BaudRate[15..1]" will be connected to GND. ;
; BaudRate ; Input ; Info     ; Stuck at VCC                                                                                                                                       ;
+----------+-------+----------+----------------------------------------------------------------------------------------------------------------------------------------------------+


+-----------------------------------------------------------------------------------------------------------------------+
; Port Connectivity Checks: "UART_rs232_tx:U17"                                                                         ;
+-------------+--------+----------+-------------------------------------------------------------------------------------+
; Port        ; Type   ; Severity ; Details                                                                             ;
+-------------+--------+----------+-------------------------------------------------------------------------------------+
; TxEn        ; Input  ; Info     ; Stuck at VCC                                                                        ;
; TxDone      ; Output ; Info     ; Connected to dangling logic. Logic that only feeds a dangling port will be removed. ;
; NBits[2..0] ; Input  ; Info     ; Stuck at GND                                                                        ;
; NBits[3]    ; Input  ; Info     ; Stuck at VCC                                                                        ;
+-------------+--------+----------+-------------------------------------------------------------------------------------+


+-------------------------------------------------------------------------------------------------------------------------------------------------------------------------------------------------------------------+
; Port Connectivity Checks: "adc_Controller:U16|freqADC:U1"                                                                                                                                                         ;
+-----------+-------+----------+------------------------------------------------------------------------------------------------------------------------------------------------------------------------------------+
; Port      ; Type  ; Severity ; Details                                                                                                                                                                            ;
+-----------+-------+----------+------------------------------------------------------------------------------------------------------------------------------------------------------------------------------------+
; reset     ; Input ; Warning  ; Input port expression (32 bits) is wider than the input port (1 bits) it drives.  The 31 most-significant bit(s) in the expression will be dangling if they have no other fanouts. ;
; reset[-1] ; Input ; Info     ; Stuck at VCC                                                                                                                                                                       ;
+-----------+-------+----------+------------------------------------------------------------------------------------------------------------------------------------------------------------------------------------+


+------------------------------------------------+
; Port Connectivity Checks: "adc_Controller:U16" ;
+-------------+-------+----------+---------------+
; Port        ; Type  ; Severity ; Details       ;
+-------------+-------+----------+---------------+
; selectInput ; Input ; Info     ; Stuck at GND  ;
+-------------+-------+----------+---------------+


+-----------------------------------------------------+
; Post-Synthesis Netlist Statistics for Top Partition ;
+-----------------------+-----------------------------+
; Type                  ; Count                       ;
+-----------------------+-----------------------------+
; boundary_port         ; 19                          ;
; cycloneiii_ff         ; 162                         ;
;     CLR               ; 20                          ;
;     CLR SCLR          ; 64                          ;
;     CLR SLD           ; 17                          ;
;     ENA               ; 18                          ;
;     SCLR              ; 34                          ;
;     plain             ; 9                           ;
; cycloneiii_lcell_comb ; 207                         ;
;     arith             ; 112                         ;
;         1 data inputs ; 1                           ;
;         2 data inputs ; 111                         ;
;     normal            ; 95                          ;
;         0 data inputs ; 1                           ;
;         1 data inputs ; 7                           ;
;         2 data inputs ; 13                          ;
;         3 data inputs ; 18                          ;
;         4 data inputs ; 56                          ;
;                       ;                             ;
; Max LUT depth         ; 6.00                        ;
; Average LUT depth     ; 3.22                        ;
+-----------------------+-----------------------------+


+-------------------------------+
; Elapsed Time Per Partition    ;
+----------------+--------------+
; Partition Name ; Elapsed Time ;
+----------------+--------------+
; Top            ; 00:00:01     ;
+----------------+--------------+


+-------------------------------+
; Analysis & Synthesis Messages ;
+-------------------------------+
Info: *******************************************************************
Info: Running Quartus Prime Analysis & Synthesis
    Info: Version 20.1.0 Build 711 06/05/2020 SJ Lite Edition
    Info: Processing started: Wed Jan 27 14:36:05 2021
Info: Command: quartus_map --read_settings_files=on --write_settings_files=off onesensor -c onesensor
Warning (18236): Number of processors has not been specified which may cause overloading on shared machines.  Set the global assignment NUM_PARALLEL_PROCESSORS in your QSF to an appropriate value for best performance.
Info (20030): Parallel compilation is enabled and will use 4 of the 4 processors detected
Info (12021): Found 1 design units, including 1 entities, in source file adcfsm.v
    Info (12023): Found entity 1: adcFSM File: C:/Intel/design/onesensor/adcFSM.v Line: 1
Info (12021): Found 1 design units, including 1 entities, in source file adc_controller.v
    Info (12023): Found entity 1: adc_Controller File: C:/Intel/design/onesensor/adc_Controller.v Line: 1
Info (12021): Found 1 design units, including 1 entities, in source file freqadc.v
    Info (12023): Found entity 1: freqADC File: C:/Intel/design/onesensor/freqADC.v Line: 1
Info (12021): Found 1 design units, including 1 entities, in source file genstart.v
    Info (12023): Found entity 1: genStart File: C:/Intel/design/onesensor/genStart.v Line: 1
Info (12021): Found 1 design units, including 1 entities, in source file uart_tx.v
    Info (12023): Found entity 1: uart_tx File: C:/Intel/design/onesensor/uart_tx.v Line: 1
Info (12021): Found 1 design units, including 1 entities, in source file freq38k.v
    Info (12023): Found entity 1: freq38K File: C:/Intel/design/onesensor/freq38K.v Line: 1
Info (12021): Found 1 design units, including 1 entities, in source file tx_sys.v
    Info (12023): Found entity 1: tx_sys File: C:/Intel/design/onesensor/tx_sys.v Line: 1
Info (12021): Found 1 design units, including 1 entities, in source file uart_rs232_rx.v
    Info (12023): Found entity 1: UART_rs232_rx File: C:/Intel/design/onesensor/UART_rs232_rx.v Line: 1
Info (12021): Found 1 design units, including 1 entities, in source file uart_baudrate_generator.v
    Info (12023): Found entity 1: UART_BaudRate_generator File: C:/Intel/design/onesensor/UART_BaudRate_generator.v Line: 8
Info (12021): Found 1 design units, including 1 entities, in source file uart_rs232_tx.v
    Info (12023): Found entity 1: UART_rs232_tx File: C:/Intel/design/onesensor/UART_rs232_tx.v Line: 1
Info (12021): Found 1 design units, including 1 entities, in source file onesensor.v
    Info (12023): Found entity 1: onesensor File: C:/Intel/design/onesensor/onesensor.v Line: 1
Warning (10236): Verilog HDL Implicit Net warning at onesensor.v(22): created implicit net for "RxEn" File: C:/Intel/design/onesensor/onesensor.v Line: 22
Info (12127): Elaborating entity "onesensor" for the top level hierarchy
Warning (10036): Verilog HDL or VHDL warning at onesensor.v(22): object "RxEn" assigned a value but never read File: C:/Intel/design/onesensor/onesensor.v Line: 22
Warning (10230): Verilog HDL assignment warning at onesensor.v(24): truncated value with size 16 to match size of target (1) File: C:/Intel/design/onesensor/onesensor.v Line: 24
Info (12128): Elaborating entity "adc_Controller" for hierarchy "adc_Controller:U16" File: C:/Intel/design/onesensor/onesensor.v Line: 12
Info (12128): Elaborating entity "freqADC" for hierarchy "adc_Controller:U16|freqADC:U1" File: C:/Intel/design/onesensor/adc_Controller.v Line: 15
Info (12128): Elaborating entity "genStart" for hierarchy "adc_Controller:U16|genStart:U2" File: C:/Intel/design/onesensor/adc_Controller.v Line: 16
Info (12128): Elaborating entity "adcFSM" for hierarchy "adc_Controller:U16|adcFSM:U3" File: C:/Intel/design/onesensor/adc_Controller.v Line: 17
Info (12128): Elaborating entity "UART_rs232_tx" for hierarchy "UART_rs232_tx:U17" File: C:/Intel/design/onesensor/onesensor.v Line: 31
Warning (10230): Verilog HDL assignment warning at UART_rs232_tx.v(104): truncated value with size 32 to match size of target (4) File: C:/Intel/design/onesensor/UART_rs232_tx.v Line: 104
Warning (10230): Verilog HDL assignment warning at UART_rs232_tx.v(124): truncated value with size 32 to match size of target (5) File: C:/Intel/design/onesensor/UART_rs232_tx.v Line: 124
Info (12128): Elaborating entity "UART_BaudRate_generator" for hierarchy "UART_BaudRate_generator:U18" File: C:/Intel/design/onesensor/onesensor.v Line: 32
Warning (12241): 2 hierarchies have connectivity warnings - see the Connectivity Checks report folder
Warning (13024): Output pins are stuck at VCC or GND
    Warning (13410): Pin "address[0]" is stuck at GND File: C:/Intel/design/onesensor/onesensor.v Line: 8
    Warning (13410): Pin "address[1]" is stuck at GND File: C:/Intel/design/onesensor/onesensor.v Line: 8
    Warning (13410): Pin "address[2]" is stuck at GND File: C:/Intel/design/onesensor/onesensor.v Line: 8
Info (286030): Timing-Driven Synthesis is running
Info (17049): 6 registers lost all their fanouts during netlist optimizations.
Info (144001): Generated suppressed messages file C:/Intel/design/onesensor/output_files/onesensor.map.smsg
Info (16010): Generating hard_block partition "hard_block:auto_generated_inst"
    Info (16011): Adding 0 node(s), including 0 DDIO, 0 PLL, 0 transceiver and 0 LCELL
Info (21057): Implemented 246 device resources after synthesis - the final resource count might be different
    Info (21058): Implemented 11 input pins
    Info (21059): Implemented 8 output pins
    Info (21061): Implemented 227 logic cells
Info: Quartus Prime Analysis & Synthesis was successful. 0 errors, 11 warnings
    Info: Peak virtual memory: 4763 megabytes
    Info: Processing ended: Wed Jan 27 14:36:27 2021
    Info: Elapsed time: 00:00:22
    Info: Total CPU time (on all processors): 00:00:50


+------------------------------------------+
; Analysis & Synthesis Suppressed Messages ;
+------------------------------------------+
The suppressed messages can be found in C:/Intel/design/onesensor/output_files/onesensor.map.smsg.


