------------------------------------------------------------
Timing Analyzer Summary
------------------------------------------------------------

Type  : Slow 1200mV 85C Model Setup 'clock'
Slack : -4.246
TNS   : -168.949

Type  : Slow 1200mV 85C Model Setup 'adc_Controller:U16|freqADC:U1|adc_clock'
Slack : -3.565
TNS   : -227.841

Type  : Slow 1200mV 85C Model Setup 'UART_BaudRate_generator:U18|baudRateReg[0]'
Slack : -2.875
TNS   : -47.011

Type  : Slow 1200mV 85C Model Hold 'UART_BaudRate_generator:U18|baudRateReg[0]'
Slack : -0.385
TNS   : -3.276

Type  : Slow 1200mV 85C Model Hold 'adc_Controller:U16|freqADC:U1|adc_clock'
Slack : 0.434
TNS   : 0.000

Type  : Slow 1200mV 85C Model Hold 'clock'
Slack : 0.759
TNS   : 0.000

Type  : Slow 1200mV 85C Model Minimum Pulse Width 'clock'
Slack : -3.000
TNS   : -80.324

Type  : Slow 1200mV 85C Model Minimum Pulse Width 'adc_Controller:U16|freqADC:U1|adc_clock'
Slack : -1.487
TNS   : -120.447

Type  : Slow 1200mV 85C Model Minimum Pulse Width 'UART_BaudRate_generator:U18|baudRateReg[0]'
Slack : -1.487
TNS   : -31.227

Type  : Slow 1200mV 85C Model Minimum Pulse Width 'adc_Controller:U16|adcFSM:U3|readData'
Slack : -1.487
TNS   : -11.896

Type  : Slow 1200mV 0C Model Setup 'clock'
Slack : -3.951
TNS   : -155.237

Type  : Slow 1200mV 0C Model Setup 'adc_Controller:U16|freqADC:U1|adc_clock'
Slack : -3.306
TNS   : -210.148

Type  : Slow 1200mV 0C Model Setup 'UART_BaudRate_generator:U18|baudRateReg[0]'
Slack : -2.623
TNS   : -41.953

Type  : Slow 1200mV 0C Model Hold 'UART_BaudRate_generator:U18|baudRateReg[0]'
Slack : -0.350
TNS   : -2.925

Type  : Slow 1200mV 0C Model Hold 'adc_Controller:U16|freqADC:U1|adc_clock'
Slack : 0.383
TNS   : 0.000

Type  : Slow 1200mV 0C Model Hold 'clock'
Slack : 0.704
TNS   : 0.000

Type  : Slow 1200mV 0C Model Minimum Pulse Width 'clock'
Slack : -3.000
TNS   : -80.324

Type  : Slow 1200mV 0C Model Minimum Pulse Width 'adc_Controller:U16|freqADC:U1|adc_clock'
Slack : -1.487
TNS   : -120.447

Type  : Slow 1200mV 0C Model Minimum Pulse Width 'UART_BaudRate_generator:U18|baudRateReg[0]'
Slack : -1.487
TNS   : -31.227

Type  : Slow 1200mV 0C Model Minimum Pulse Width 'adc_Controller:U16|adcFSM:U3|readData'
Slack : -1.487
TNS   : -11.896

Type  : Fast 1200mV 0C Model Setup 'clock'
Slack : -1.256
TNS   : -41.162

Type  : Fast 1200mV 0C Model Setup 'adc_Controller:U16|freqADC:U1|adc_clock'
Slack : -0.950
TNS   : -51.913

Type  : Fast 1200mV 0C Model Setup 'UART_BaudRate_generator:U18|baudRateReg[0]'
Slack : -0.696
TNS   : -9.225

Type  : Fast 1200mV 0C Model Hold 'UART_BaudRate_generator:U18|baudRateReg[0]'
Slack : 0.111
TNS   : 0.000

Type  : Fast 1200mV 0C Model Hold 'adc_Controller:U16|freqADC:U1|adc_clock'
Slack : 0.178
TNS   : 0.000

Type  : Fast 1200mV 0C Model Hold 'clock'
Slack : 0.302
TNS   : 0.000

Type  : Fast 1200mV 0C Model Minimum Pulse Width 'clock'
Slack : -3.000
TNS   : -58.196

Type  : Fast 1200mV 0C Model Minimum Pulse Width 'adc_Controller:U16|freqADC:U1|adc_clock'
Slack : -1.000
TNS   : -81.000

Type  : Fast 1200mV 0C Model Minimum Pulse Width 'UART_BaudRate_generator:U18|baudRateReg[0]'
Slack : -1.000
TNS   : -21.000

Type  : Fast 1200mV 0C Model Minimum Pulse Width 'adc_Controller:U16|adcFSM:U3|readData'
Slack : -1.000
TNS   : -8.000

------------------------------------------------------------
